Copyright 1986-2019 Xilinx, Inc. All Rights Reserved.
--------------------------------------------------------------------------------------------------
| Tool Version : Vivado v.2019.1 (win64) Build 2552052 Fri May 24 14:49:42 MDT 2019
| Date         : Tue Apr 26 21:02:23 2022
| Host         : DESKTOP-S7H1TQT running 64-bit major release  (build 9200)
| Command      : report_control_sets -verbose -file hdmi_inout_bd_wrapper_control_sets_placed.rpt
| Design       : hdmi_inout_bd_wrapper
| Device       : xc7z020
--------------------------------------------------------------------------------------------------

Control Set Information

Table of Contents
-----------------
1. Summary
2. Histogram
3. Flip-Flop Distribution
4. Detailed Control Set Information

1. Summary
----------

+----------------------------------------------------------+-------+
|                          Status                          | Count |
+----------------------------------------------------------+-------+
| Total control sets                                       |    45 |
|    Minimum number of control sets                        |    45 |
|    Addition due to synthesis replication                 |     0 |
|    Addition due to physical synthesis replication        |     0 |
| Unused register locations in slices containing registers |   151 |
+----------------------------------------------------------+-------+
* Control sets can be merged at opt_design using control_set_merge or merge_equivalent_drivers
** Run report_qor_suggestions for automated merging and remapping suggestions


2. Histogram
------------

+--------------------+-------+
|       Fanout       | Count |
+--------------------+-------+
| Total control sets |    45 |
| >= 0 to < 4        |     8 |
| >= 4 to < 6        |    14 |
| >= 6 to < 8        |     3 |
| >= 8 to < 10       |     4 |
| >= 10 to < 12      |     5 |
| >= 12 to < 14      |     1 |
| >= 14 to < 16      |     0 |
| >= 16              |    10 |
+--------------------+-------+
* Control sets can be remapped at either synth_design or opt_design


3. Flip-Flop Distribution
-------------------------

+--------------+-----------------------+------------------------+-----------------+--------------+
| Clock Enable | Synchronous Set/Reset | Asynchronous Set/Reset | Total Registers | Total Slices |
+--------------+-----------------------+------------------------+-----------------+--------------+
| No           | No                    | No                     |             300 |          119 |
| No           | No                    | Yes                    |              38 |           21 |
| No           | Yes                   | No                     |             112 |           44 |
| Yes          | No                    | No                     |              43 |           12 |
| Yes          | No                    | Yes                    |               0 |            0 |
| Yes          | Yes                   | No                     |             148 |           38 |
+--------------+-----------------------+------------------------+-----------------+--------------+


4. Detailed Control Set Information
-----------------------------------

+-------------------------------------------------------------------------+---------------------------------------------------------------------------------------------------------------------+-------------------------------------------------------------------------------------------------+------------------+----------------+
|                               Clock Signal                              |                                                    Enable Signal                                                    |                                         Set/Reset Signal                                        | Slice Load Count | Bel Load Count |
+-------------------------------------------------------------------------+---------------------------------------------------------------------------------------------------------------------+-------------------------------------------------------------------------------------------------+------------------+----------------+
|  hdmi_inout_bd_i/clk_wiz_0/inst/clk_out1                                |                                                                                                                     | hdmi_inout_bd_i/dvi2rgb_0/U0/TMDS_ClockingX/RdyLostReset/SyncAsyncx/oSyncStages[1]              |                1 |              1 |
|  hdmi_inout_bd_i/dvi2rgb_0/U0/TMDS_ClockingX/rMMCM_LckdRisingFlag_reg_0 |                                                                                                                     | hdmi_inout_bd_i/dvi2rgb_0/U0/DataDecoders[2].DecoderX/PhaseAlignX/pIDLY_LD_i_1_n_0              |                1 |              1 |
|  hdmi_inout_bd_i/dvi2rgb_0/U0/GenerateBUFG.ResyncToBUFG_X/CLK           |                                                                                                                     | hdmi_inout_bd_i/rgb2dvi_0/U0/ClockGenInternal.ClockGenX/in0                                     |                1 |              2 |
|  hdmi_inout_bd_i/dvi2rgb_0/U0/GenerateBUFG.ResyncToBUFG_X/CLK           |                                                                                                                     | reset_rtl_IBUF                                                                                  |                1 |              2 |
|  hdmi_inout_bd_i/clk_wiz_0/inst/clk_out1                                |                                                                                                                     | hdmi_inout_bd_i/dvi2rgb_0/U0/TMDS_ClockingX/RdyLostReset/aRst_int                               |                1 |              2 |
|  hdmi_inout_bd_i/clk_wiz_0/inst/clk_out1                                |                                                                                                                     | hdmi_inout_bd_i/dvi2rgb_0/U0/TMDS_ClockingX/LockLostReset/SyncAsyncx/oSyncStages[1]             |                1 |              2 |
|  hdmi_inout_bd_i/clk_wiz_0/inst/clk_out1                                |                                                                                                                     | reset_rtl_IBUF                                                                                  |                1 |              2 |
|  hdmi_inout_bd_i/dvi2rgb_0/U0/TMDS_ClockingX/rMMCM_LckdRisingFlag_reg_0 |                                                                                                                     | hdmi_inout_bd_i/dvi2rgb_0/U0/TMDS_ClockingX/in0                                                 |                1 |              2 |
|  hdmi_inout_bd_i/dvi2rgb_0/U0/GenerateBUFG.ResyncToBUFG_X/CLK           |                                                                                                                     | hdmi_inout_bd_i/rgb2dvi_0/U0/ClockGenInternal.ClockGenX/LockLostReset/SyncAsyncx/oSyncStages[1] |                1 |              4 |
|  hdmi_inout_bd_i/clk_wiz_0/inst/clk_out1                                | hdmi_inout_bd_i/dvi2rgb_0/U0/GenerateDDC.DDC_EEPROM/I2C_SlaveController/GlitchF_SCL/Filter.cntPeriods[3]_i_2__0_n_0 | hdmi_inout_bd_i/dvi2rgb_0/U0/GenerateDDC.DDC_EEPROM/I2C_SlaveController/SyncSCL/SS[0]           |                1 |              4 |
|  hdmi_inout_bd_i/clk_wiz_0/inst/clk_out1                                | hdmi_inout_bd_i/dvi2rgb_0/U0/GenerateDDC.DDC_EEPROM/I2C_SlaveController/GlitchF_SDA/Filter.cntPeriods[3]_i_2_n_0    | hdmi_inout_bd_i/dvi2rgb_0/U0/GenerateDDC.DDC_EEPROM/I2C_SlaveController/SyncSDA/SS[0]           |                1 |              4 |
|  hdmi_inout_bd_i/clk_wiz_0/inst/clk_out1                                | hdmi_inout_bd_i/dvi2rgb_0/U0/GenerateDDC.DDC_EEPROM/I2C_SlaveController/FSM_onehot_sState_reg[3]                    |                                                                                                 |                1 |              4 |
|  hdmi_inout_bd_i/dvi2rgb_0/U0/TMDS_ClockingX/rMMCM_LckdRisingFlag_reg_0 | hdmi_inout_bd_i/dvi2rgb_0/U0/DataDecoders[0].DecoderX/PhaseAlignX/pEyeOpenEn                                        | hdmi_inout_bd_i/dvi2rgb_0/U0/DataDecoders[0].DecoderX/PhaseAlignX/pEyeOpenRst                   |                1 |              5 |
|  hdmi_inout_bd_i/dvi2rgb_0/U0/TMDS_ClockingX/rMMCM_LckdRisingFlag_reg_0 | hdmi_inout_bd_i/dvi2rgb_0/U0/DataDecoders[0].DecoderX/PhaseAlignX/pCenterTap[5]_i_1__1_n_0                          |                                                                                                 |                3 |              5 |
|  hdmi_inout_bd_i/dvi2rgb_0/U0/TMDS_ClockingX/rMMCM_LckdRisingFlag_reg_0 | hdmi_inout_bd_i/dvi2rgb_0/U0/DataDecoders[0].DecoderX/ChannelBondX/pRdEn                                            | hdmi_inout_bd_i/dvi2rgb_0/U0/DataDecoders[1].DecoderX/PhaseAlignX/pAligned_reg_0                |                1 |              5 |
|  hdmi_inout_bd_i/dvi2rgb_0/U0/TMDS_ClockingX/rMMCM_LckdRisingFlag_reg_0 | hdmi_inout_bd_i/dvi2rgb_0/U0/DataDecoders[2].DecoderX/ChannelBondX/pRdEn                                            | hdmi_inout_bd_i/dvi2rgb_0/U0/DataDecoders[1].DecoderX/PhaseAlignX/pAligned_reg_0                |                2 |              5 |
|  hdmi_inout_bd_i/dvi2rgb_0/U0/TMDS_ClockingX/rMMCM_LckdRisingFlag_reg_0 | hdmi_inout_bd_i/dvi2rgb_0/U0/DataDecoders[1].DecoderX/PhaseAlignX/pEyeOpenEn                                        | hdmi_inout_bd_i/dvi2rgb_0/U0/DataDecoders[1].DecoderX/PhaseAlignX/pEyeOpenRst                   |                2 |              5 |
|  hdmi_inout_bd_i/dvi2rgb_0/U0/TMDS_ClockingX/rMMCM_LckdRisingFlag_reg_0 | hdmi_inout_bd_i/dvi2rgb_0/U0/DataDecoders[1].DecoderX/PhaseAlignX/pCenterTap[5]_i_1__0_n_0                          |                                                                                                 |                2 |              5 |
|  hdmi_inout_bd_i/dvi2rgb_0/U0/TMDS_ClockingX/rMMCM_LckdRisingFlag_reg_0 | hdmi_inout_bd_i/dvi2rgb_0/U0/DataDecoders[1].DecoderX/ChannelBondX/pRdEn                                            | hdmi_inout_bd_i/dvi2rgb_0/U0/DataDecoders[1].DecoderX/PhaseAlignX/pAligned_reg_0                |                1 |              5 |
|  hdmi_inout_bd_i/clk_wiz_0/inst/clk_out1                                | hdmi_inout_bd_i/dvi2rgb_0/U0/TMDS_ClockingX/sel                                                                     | hdmi_inout_bd_i/dvi2rgb_0/U0/TMDS_ClockingX/LockLostReset/SyncAsyncx/oSyncStages[1]             |                1 |              5 |
|  hdmi_inout_bd_i/dvi2rgb_0/U0/TMDS_ClockingX/rMMCM_LckdRisingFlag_reg_0 | hdmi_inout_bd_i/dvi2rgb_0/U0/DataDecoders[2].DecoderX/PhaseAlignX/pEyeOpenEn                                        | hdmi_inout_bd_i/dvi2rgb_0/U0/DataDecoders[2].DecoderX/PhaseAlignX/pEyeOpenRst                   |                1 |              5 |
|  hdmi_inout_bd_i/dvi2rgb_0/U0/TMDS_ClockingX/rMMCM_LckdRisingFlag_reg_0 | hdmi_inout_bd_i/dvi2rgb_0/U0/DataDecoders[2].DecoderX/PhaseAlignX/pCenterTap[5]_i_1_n_0                             |                                                                                                 |                2 |              5 |
|  hdmi_inout_bd_i/dvi2rgb_0/U0/TMDS_ClockingX/rMMCM_LckdRisingFlag_reg_0 |                                                                                                                     | hdmi_inout_bd_i/dvi2rgb_0/U0/DataDecoders[2].DecoderX/PhaseAlignX/pCtlTknRst                    |                2 |              7 |
|  hdmi_inout_bd_i/dvi2rgb_0/U0/TMDS_ClockingX/rMMCM_LckdRisingFlag_reg_0 |                                                                                                                     | hdmi_inout_bd_i/dvi2rgb_0/U0/DataDecoders[1].DecoderX/PhaseAlignX/pCtlTknRst                    |                2 |              7 |
|  hdmi_inout_bd_i/dvi2rgb_0/U0/TMDS_ClockingX/rMMCM_LckdRisingFlag_reg_0 |                                                                                                                     | hdmi_inout_bd_i/dvi2rgb_0/U0/DataDecoders[0].DecoderX/PhaseAlignX/pCtlTknRst                    |                3 |              7 |
|  hdmi_inout_bd_i/dvi2rgb_0/U0/TMDS_ClockingX/rMMCM_LckdRisingFlag_reg_0 |                                                                                                                     | hdmi_inout_bd_i/dvi2rgb_0/U0/DataDecoders[2].DecoderX/ChannelBondX/SR[0]                        |                2 |              8 |
|  hdmi_inout_bd_i/dvi2rgb_0/U0/TMDS_ClockingX/rMMCM_LckdRisingFlag_reg_0 |                                                                                                                     | hdmi_inout_bd_i/dvi2rgb_0/U0/DataDecoders[1].DecoderX/ChannelBondX/pMeRdy_int_reg_1[0]          |                3 |              8 |
|  hdmi_inout_bd_i/clk_wiz_0/inst/clk_out1                                | hdmi_inout_bd_i/dvi2rgb_0/U0/GenerateDDC.DDC_EEPROM/I2C_SlaveController/dataByte[7]_i_1_n_0                         |                                                                                                 |                1 |              8 |
|  hdmi_inout_bd_i/clk_wiz_0/inst/clk_out1                                |                                                                                                                     | hdmi_inout_bd_i/dvi2rgb_0/U0/LockLostReset/SyncAsyncx/oSyncStages[1]                            |                5 |              9 |
|  hdmi_inout_bd_i/dvi2rgb_0/U0/GenerateBUFG.ResyncToBUFG_X/CLK           |                                                                                                                     | hdmi_inout_bd_i/rgb2dvi_0/U0/DataEncoders[0].DataEncoder/pDataOutRaw[9]_i_1__1_n_0              |                4 |             10 |
|  hdmi_inout_bd_i/dvi2rgb_0/U0/TMDS_ClockingX/rMMCM_LckdRisingFlag_reg_0 |                                                                                                                     | hdmi_inout_bd_i/dvi2rgb_0/U0/DataDecoders[0].DecoderX/ChannelBondX/SR[0]                        |                5 |             11 |
|  hdmi_inout_bd_i/dvi2rgb_0/U0/TMDS_ClockingX/rMMCM_LckdRisingFlag_reg_0 | hdmi_inout_bd_i/dvi2rgb_0/U0/DataDecoders[1].DecoderX/PhaseAlignX/pState[10]_i_1__0_n_0                             | hdmi_inout_bd_i/dvi2rgb_0/U0/DataDecoders[1].DecoderX/pAlignRst_reg_n_0                         |                4 |             11 |
|  hdmi_inout_bd_i/dvi2rgb_0/U0/TMDS_ClockingX/rMMCM_LckdRisingFlag_reg_0 | hdmi_inout_bd_i/dvi2rgb_0/U0/DataDecoders[2].DecoderX/PhaseAlignX/pState[10]_i_1_n_0                                | hdmi_inout_bd_i/dvi2rgb_0/U0/DataDecoders[2].DecoderX/pAlignRst_reg_n_0                         |                2 |             11 |
|  hdmi_inout_bd_i/dvi2rgb_0/U0/TMDS_ClockingX/rMMCM_LckdRisingFlag_reg_0 | hdmi_inout_bd_i/dvi2rgb_0/U0/DataDecoders[0].DecoderX/PhaseAlignX/pState[10]_i_1__1_n_0                             | hdmi_inout_bd_i/dvi2rgb_0/U0/DataDecoders[0].DecoderX/pAlignRst_reg_n_0                         |                3 |             11 |
|  hdmi_inout_bd_i/dvi2rgb_0/U0/TMDS_ClockingX/rMMCM_LckdRisingFlag_reg_0 |                                                                                                                     | hdmi_inout_bd_i/dvi2rgb_0/U0/LockLostReset/SyncAsyncx/oSyncStages[1]                            |                8 |             12 |
|  hdmi_inout_bd_i/clk_wiz_0/inst/clk_out1                                | hdmi_inout_bd_i/dvi2rgb_0/U0/GenerateDDC.DDC_EEPROM/I2C_SlaveController/E[0]                                        |                                                                                                 |                3 |             16 |
|  hdmi_inout_bd_i/dvi2rgb_0/U0/TMDS_ClockingX/rMMCM_LckdRisingFlag_reg_0 |                                                                                                                     | hdmi_inout_bd_i/dvi2rgb_0/U0/DataDecoders[1].DecoderX/PhaseAlignX/pAligned_reg_0                |                6 |             21 |
|  hdmi_inout_bd_i/clk_wiz_0/inst/clk_out1                                | hdmi_inout_bd_i/dvi2rgb_0/U0/DataDecoders[0].DecoderX/sel                                                           | hdmi_inout_bd_i/dvi2rgb_0/U0/DataDecoders[0].DecoderX/SyncBaseRst/SyncAsyncx/oSyncStages[1]     |                6 |             24 |
|  hdmi_inout_bd_i/clk_wiz_0/inst/clk_out1                                | hdmi_inout_bd_i/dvi2rgb_0/U0/DataDecoders[1].DecoderX/sel                                                           | hdmi_inout_bd_i/dvi2rgb_0/U0/DataDecoders[1].DecoderX/SyncBaseRst/SyncAsyncx/oSyncStages[1]     |                6 |             24 |
|  hdmi_inout_bd_i/clk_wiz_0/inst/clk_out1                                | hdmi_inout_bd_i/dvi2rgb_0/U0/DataDecoders[2].DecoderX/sel                                                           | hdmi_inout_bd_i/dvi2rgb_0/U0/DataDecoders[2].DecoderX/SyncBaseRst/SyncAsyncx/oSyncStages[1]     |                6 |             24 |
|  hdmi_inout_bd_i/dvi2rgb_0/U0/GenerateBUFG.ResyncToBUFG_X/CLK           |                                                                                                                     | hdmi_inout_bd_i/rgb2dvi_0/U0/DataEncoders[0].DataEncoder/SR[0]                                  |               16 |             32 |
|  hdmi_inout_bd_i/clk_wiz_0/inst/clk_out1                                |                                                                                                                     |                                                                                                 |               24 |             36 |
|  hdmi_inout_bd_i/dvi2rgb_0/U0/TMDS_ClockingX/rMMCM_LckdRisingFlag_reg_0 | hdmi_inout_bd_i/dvi2rgb_0/U0/DataDecoders[0].DecoderX/PhaseAlignX/pAllVld                                           |                                                                                                 |                6 |             48 |
|  hdmi_inout_bd_i/dvi2rgb_0/U0/GenerateBUFG.ResyncToBUFG_X/CLK           |                                                                                                                     |                                                                                                 |               51 |            119 |
|  hdmi_inout_bd_i/dvi2rgb_0/U0/TMDS_ClockingX/rMMCM_LckdRisingFlag_reg_0 |                                                                                                                     |                                                                                                 |               44 |            145 |
+-------------------------------------------------------------------------+---------------------------------------------------------------------------------------------------------------------+-------------------------------------------------------------------------------------------------+------------------+----------------+


