#-----------------------------------------------------------
# Vivado v2019.1 (64-bit)
# SW Build 2552052 on Fri May 24 14:49:42 MDT 2019
# IP Build 2548770 on Fri May 24 18:01:18 MDT 2019
# Start of session at: Tue May 31 17:46:13 2022
# Process ID: 16952
# Current directory: C:/Users/DELL/Desktop/test/MTM_SDUP_project/BETSS
# Command line: vivado.exe -gui_launcher_event rodinguilauncherevent13092 C:\Users\DELL\Desktop\test\MTM_SDUP_project\BETSS\hdmi_inout.xpr
# Log file: C:/Users/DELL/Desktop/test/MTM_SDUP_project/BETSS/vivado.log
# Journal file: C:/Users/DELL/Desktop/test/MTM_SDUP_project/BETSS\vivado.jou
#-----------------------------------------------------------
start_gui
open_project C:/Users/DELL/Desktop/test/MTM_SDUP_project/BETSS/hdmi_inout.xpr
open_bd_design {C:/Users/DELL/Desktop/test/MTM_SDUP_project/BETSS/hdmi_inout.srcs/sources_1/bd/hdmi_inout_bd/hdmi_inout_bd.bd}
update_compile_order -fileset sources_1
make_wrapper -files [get_files C:/Users/DELL/Desktop/test/MTM_SDUP_project/BETSS/hdmi_inout.srcs/sources_1/bd/hdmi_inout_bd/hdmi_inout_bd.bd] -top
startgroup
create_bd_cell -type ip -vlnv xilinx.com:ip:v_tc:6.1 v_tc_0
endgroup
set_property location {4 1082 684} [get_bd_cells v_tc_0]
connect_bd_intf_net [get_bd_intf_pins v_tc_0/vtiming_out] [get_bd_intf_pins v_axi4s_vid_out_0/vtiming_in]
connect_bd_intf_net [get_bd_intf_pins v_tc_0/ctrl] -boundary_type upper [get_bd_intf_pins axi_interconnect_2/M01_AXI]
connect_bd_net [get_bd_pins v_tc_0/clk] [get_bd_pins dvi2rgb_0/PixelClk]
connect_bd_net [get_bd_pins v_tc_0/s_axi_aclk] [get_bd_pins clk_wiz_0/clk_out_50]
connect_bd_net [get_bd_pins v_tc_0/s_axi_aresetn] [get_bd_pins proc_sys_reset_0/peripheral_aresetn]
save_bd_design
make_wrapper -files [get_files C:/Users/DELL/Desktop/test/MTM_SDUP_project/BETSS/hdmi_inout.srcs/sources_1/bd/hdmi_inout_bd/hdmi_inout_bd.bd] -top
assign_bd_address [get_bd_addr_segs {axi_vdma_0/S_AXI_LITE/Reg }]
assign_bd_address [get_bd_addr_segs {v_tc_0/ctrl/Reg }]
assign_bd_address [get_bd_addr_segs {processing_system7_0/S_AXI_HP0/HP0_DDR_LOWOCM }]
assign_bd_address [get_bd_addr_segs {processing_system7_0/S_AXI_HP1/HP1_DDR_LOWOCM }]
save_bd_design
make_wrapper -files [get_files C:/Users/DELL/Desktop/test/MTM_SDUP_project/BETSS/hdmi_inout.srcs/sources_1/bd/hdmi_inout_bd/hdmi_inout_bd.bd] -top
reset_run synth_1
launch_runs impl_1 -to_step write_bitstream -jobs 6
wait_on_run impl_1
file mkdir C:/Users/DELL/Desktop/test/MTM_SDUP_project/BETSS/hdmi_inout.sdk
file copy -force C:/Users/DELL/Desktop/test/MTM_SDUP_project/BETSS/hdmi_inout.runs/impl_1/hdmi_inout_bd_wrapper.sysdef C:/Users/DELL/Desktop/test/MTM_SDUP_project/BETSS/hdmi_inout.sdk/hdmi_inout_bd_wrapper.hdf

launch_sdk -workspace C:/Users/DELL/Desktop/test/MTM_SDUP_project/BETSS/hdmi_inout.sdk -hwspec C:/Users/DELL/Desktop/test/MTM_SDUP_project/BETSS/hdmi_inout.sdk/hdmi_inout_bd_wrapper.hdf
